Collecting transformers
  Downloading transformers-5.10.2-py3-none-any.whl.metadata (33 kB)
Collecting tokenizers
  Downloading tokenizers-0.23.1-cp310-abi3-manylinux_2_17_aarch64.manylinux2014_aarch64.whl.metadata (9.8 kB)
Collecting safetensors
  Downloading safetensors-0.7.0-cp38-abi3-manylinux_2_17_aarch64.manylinux2014_aarch64.whl.metadata (4.1 kB)
Collecting pydantic
  Downloading pydantic-2.13.4-py3-none-any.whl.metadata (109 kB)
Requirement already satisfied: protobuf in ./.local/lib/python3.10/site-packages (6.33.2)
Collecting blake3
  Downloading blake3-1.0.8-cp310-cp310-manylinux_2_17_aarch64.manylinux2014_aarch64.whl.metadata (4.6 kB)
Requirement already satisfied: py-cpuinfo in /usr/local/lib/python3.10/dist-packages (9.0.0)
Collecting msgspec
  Downloading msgspec-0.21.1-cp310-cp310-manylinux2014_aarch64.manylinux_2_17_aarch64.manylinux_2_28_aarch64.whl.metadata (5.8 kB)
Requirement already satisfied: pyyaml in /usr/lib/python3/dist-packages (5.4.1)
Requirement already satisfied: pyzmq in ./.local/lib/python3.10/site-packages (27.1.0)
Requirement already satisfied: filelock in /usr/local/lib/python3.10/dist-packages (3.18.0)
Collecting regex
  Downloading regex-2026.5.9-cp310-cp310-manylinux2014_aarch64.manylinux_2_17_aarch64.manylinux_2_28_aarch64.whl.metadata (40 kB)
Collecting cachetools
  Downloading cachetools-7.1.4-py3-none-any.whl.metadata (5.5 kB)
Collecting sentencepiece
  Downloading sentencepiece-0.2.1-cp310-cp310-manylinux_2_27_aarch64.manylinux_2_28_aarch64.whl.metadata (10 kB)
Collecting huggingface-hub<2.0,>=1.5.0 (from transformers)
  Downloading huggingface_hub-1.18.0-py3-none-any.whl.metadata (14 kB)
Requirement already satisfied: numpy>=1.17 in /usr/local/lib/python3.10/dist-packages (from transformers) (1.23.5)
Requirement already satisfied: packaging>=20.0 in ./.local/lib/python3.10/site-packages (from transformers) (25.0)
Collecting tokenizers
  Downloading tokenizers-0.22.2-cp39-abi3-manylinux_2_17_aarch64.manylinux2014_aarch64.whl.metadata (7.3 kB)
Collecting typer (from transformers)
  Downloading typer-0.26.7-py3-none-any.whl.metadata (16 kB)
Requirement already satisfied: tqdm>=4.27 in /usr/local/lib/python3.10/dist-packages (from transformers) (4.67.1)
Collecting click>=8.4.0 (from huggingface-hub<2.0,>=1.5.0->transformers)
  Downloading click-8.4.1-py3-none-any.whl.metadata (2.6 kB)
Requirement already satisfied: fsspec>=2023.5.0 in /usr/local/lib/python3.10/dist-packages (from huggingface-hub<2.0,>=1.5.0->transformers) (2025.5.1)
Collecting hf-xet<2.0.0,>=1.4.3 (from huggingface-hub<2.0,>=1.5.0->transformers)
  Downloading hf_xet-1.5.1-cp37-abi3-manylinux_2_28_aarch64.whl.metadata (4.9 kB)
Requirement already satisfied: httpx<1,>=0.23.0 in ./.local/lib/python3.10/site-packages (from huggingface-hub<2.0,>=1.5.0->transformers) (0.28.1)
Collecting typer (from transformers)
  Downloading typer-0.25.1-py3-none-any.whl.metadata (15 kB)
Requirement already satisfied: typing-extensions>=4.1.0 in /usr/local/lib/python3.10/dist-packages (from huggingface-hub<2.0,>=1.5.0->transformers) (4.14.0)
Requirement already satisfied: anyio in ./.local/lib/python3.10/site-packages (from httpx<1,>=0.23.0->huggingface-hub<2.0,>=1.5.0->transformers) (4.12.1)
Requirement already satisfied: certifi in /usr/lib/python3/dist-packages (from httpx<1,>=0.23.0->huggingface-hub<2.0,>=1.5.0->transformers) (2020.6.20)
Requirement already satisfied: httpcore==1.* in ./.local/lib/python3.10/site-packages (from httpx<1,>=0.23.0->huggingface-hub<2.0,>=1.5.0->transformers) (1.0.9)
Requirement already satisfied: idna in /usr/lib/python3/dist-packages (from httpx<1,>=0.23.0->huggingface-hub<2.0,>=1.5.0->transformers) (3.3)
Requirement already satisfied: h11>=0.16 in ./.local/lib/python3.10/site-packages (from httpcore==1.*->httpx<1,>=0.23.0->huggingface-hub<2.0,>=1.5.0->transformers) (0.16.0)
Collecting shellingham>=1.3.0 (from typer->transformers)
  Downloading shellingham-1.5.4-py2.py3-none-any.whl.metadata (3.5 kB)
Requirement already satisfied: rich>=13.8.0 in ./.local/lib/python3.10/site-packages (from typer->transformers) (13.9.4)
Collecting annotated-doc>=0.0.2 (from typer->transformers)
  Downloading annotated_doc-0.0.4-py3-none-any.whl.metadata (6.6 kB)
Collecting annotated-types>=0.6.0 (from pydantic)
  Downloading annotated_types-0.7.0-py3-none-any.whl.metadata (15 kB)
Collecting pydantic-core==2.46.4 (from pydantic)
  Downloading pydantic_core-2.46.4-cp310-cp310-manylinux_2_17_aarch64.manylinux2014_aarch64.whl.metadata (6.6 kB)
Collecting typing-extensions>=4.1.0 (from huggingface-hub<2.0,>=1.5.0->transformers)
  Using cached typing_extensions-4.15.0-py3-none-any.whl.metadata (3.3 kB)
Collecting typing-inspection>=0.4.2 (from pydantic)
  Downloading typing_inspection-0.4.2-py3-none-any.whl.metadata (2.6 kB)
Requirement already satisfied: markdown-it-py>=2.2.0 in ./.local/lib/python3.10/site-packages (from rich>=13.8.0->typer->transformers) (3.0.0)
Requirement already satisfied: pygments<3.0.0,>=2.13.0 in ./.local/lib/python3.10/site-packages (from rich>=13.8.0->typer->transformers) (2.19.2)
Requirement already satisfied: mdurl~=0.1 in ./.local/lib/python3.10/site-packages (from markdown-it-py>=2.2.0->rich>=13.8.0->typer->transformers) (0.1.2)
Requirement already satisfied: exceptiongroup>=1.0.2 in ./.local/lib/python3.10/site-packages (from anyio->httpx<1,>=0.23.0->huggingface-hub<2.0,>=1.5.0->transformers) (1.3.1)
Downloading transformers-5.10.2-py3-none-any.whl (11.0 MB)
   ━━━━━━━━━━━━━━━━━━━━━━━━━━━━━━━━━━━━━━━━ 11.0/11.0 MB 200.8 kB/s  0:00:49
Downloading tokenizers-0.22.2-cp39-abi3-manylinux_2_17_aarch64.manylinux2014_aarch64.whl (3.3 MB)
   ━━━━━━━━━━━━━━━━━━━━━━━━━━━━━━━━━━━━━━━━ 3.3/3.3 MB 126.0 kB/s  0:00:26
Downloading huggingface_hub-1.18.0-py3-none-any.whl (684 kB)
   ━━━━━━━━━━━━━━━━━━━━━━━━━━━━━━━━━━━━━━━━ 684.4/684.4 kB 162.5 kB/s  0:00:04
Downloading hf_xet-1.5.1-cp37-abi3-manylinux_2_28_aarch64.whl (4.3 MB)
   ━━━━━━━━━━━━━━━━━━━━━━━━━━━━━━━━━━━━━━━━ 4.3/4.3 MB 141.1 kB/s  0:00:29
Downloading typer-0.25.1-py3-none-any.whl (58 kB)
Downloading safetensors-0.7.0-cp38-abi3-manylinux_2_17_aarch64.manylinux2014_aarch64.whl (491 kB)
Downloading pydantic-2.13.4-py3-none-any.whl (472 kB)
Downloading pydantic_core-2.46.4-cp310-cp310-manylinux_2_17_aarch64.manylinux2014_aarch64.whl (2.0 MB)
   ━━━━━━━━━━━━━━━━━━━━━━━━━━━━━━━━━━━━━━━━ 2.0/2.0 MB 195.4 kB/s  0:00:09
Downloading blake3-1.0.8-cp310-cp310-manylinux_2_17_aarch64.manylinux2014_aarch64.whl (371 kB)
Downloading msgspec-0.21.1-cp310-cp310-manylinux2014_aarch64.manylinux_2_17_aarch64.manylinux_2_28_aarch64.whl (216 kB)
Downloading regex-2026.5.9-cp310-cp310-manylinux2014_aarch64.manylinux_2_17_aarch64.manylinux_2_28_aarch64.whl (784 kB)
   ━━━━━━━━━━━━━━━━━━━━━━━━━━━━━━━━━━━━━━━━ 784.8/784.8 kB 154.9 kB/s  0:00:04
Downloading cachetools-7.1.4-py3-none-any.whl (16 kB)
Downloading sentencepiece-0.2.1-cp310-cp310-manylinux_2_27_aarch64.manylinux_2_28_aarch64.whl (1.3 MB)
   ━━━━━━━━━━━━━━━━━━━━━━━━━━━━━━━━━━━━━━━━ 1.3/1.3 MB 192.2 kB/s  0:00:07
Downloading annotated_doc-0.0.4-py3-none-any.whl (5.3 kB)
Downloading annotated_types-0.7.0-py3-none-any.whl (13 kB)
Downloading click-8.4.1-py3-none-any.whl (116 kB)
Using cached typing_extensions-4.15.0-py3-none-any.whl (44 kB)
Downloading shellingham-1.5.4-py2.py3-none-any.whl (9.8 kB)
Downloading typing_inspection-0.4.2-py3-none-any.whl (14 kB)
Installing collected packages: typing-extensions, shellingham, sentencepiece, safetensors, regex, msgspec, hf-xet, click, cachetools, annotated-types, annotated-doc, typing-inspection, pydantic-core, blake3, typer, pydantic, huggingface-hub, tokenizers, transformers
  Attempting uninstall: typing-extensions
    Found existing installation: typing_extensions 4.14.0
    Not uninstalling typing-extensions at /usr/local/lib/python3.10/dist-packages, outside environment /home/nvidia/vllm_synthetic_host_benchmark/orin_20260609_083900/venv
    Can't uninstall 'typing_extensions'. No files were found to uninstall.
  Attempting uninstall: click
    Found existing installation: click 8.0.3
    Not uninstalling click at /usr/lib/python3/dist-packages, outside environment /home/nvidia/vllm_synthetic_host_benchmark/orin_20260609_083900/venv
    Can't uninstall 'click'. No files were found to uninstall.

Successfully installed annotated-doc-0.0.4 annotated-types-0.7.0 blake3-1.0.8 cachetools-7.1.4 click-8.4.1 hf-xet-1.5.1 huggingface-hub-1.18.0 msgspec-0.21.1 pydantic-2.13.4 pydantic-core-2.46.4 regex-2026.5.9 safetensors-0.7.0 sentencepiece-0.2.1 shellingham-1.5.4 tokenizers-0.22.2 transformers-5.10.2 typer-0.25.1 typing-extensions-4.15.0 typing-inspection-0.4.2

[notice] A new release of pip is available: 26.1.1 -> 26.1.2
[notice] To update, run: /home/nvidia/vllm_synthetic_host_benchmark/orin_20260609_083900/venv/bin/python -m pip install --upgrade pip
