Collecting virtualenv
  Downloading virtualenv-21.4.2-py3-none-any.whl.metadata (3.5 kB)
Collecting distlib<1,>=0.3.7 (from virtualenv)
  Downloading distlib-0.4.2-py2.py3-none-any.whl.metadata (5.3 kB)
Collecting filelock<4,>=3.24.2 (from virtualenv)
  Downloading filelock-3.29.1-py3-none-any.whl.metadata (2.0 kB)
Collecting platformdirs<5,>=3.9.1 (from virtualenv)
  Downloading platformdirs-4.10.0-py3-none-any.whl.metadata (5.5 kB)
Collecting python-discovery>=1.4 (from virtualenv)
  Downloading python_discovery-1.4.0-py3-none-any.whl.metadata (5.6 kB)
Collecting typing-extensions>=4.13.2 (from virtualenv)
  Downloading typing_extensions-4.15.0-py3-none-any.whl.metadata (3.3 kB)
Downloading virtualenv-21.4.2-py3-none-any.whl (7.6 MB)
   ━━━━━━━━━━━━━━━━━━━━━━━━━━━━━━━━━━━━━━━━ 7.6/7.6 MB 7.8 MB/s  0:00:01
Downloading distlib-0.4.2-py2.py3-none-any.whl (470 kB)
Downloading filelock-3.29.1-py3-none-any.whl (40 kB)
Downloading platformdirs-4.10.0-py3-none-any.whl (22 kB)
Downloading python_discovery-1.4.0-py3-none-any.whl (33 kB)
Downloading typing_extensions-4.15.0-py3-none-any.whl (44 kB)
Installing collected packages: distlib, typing-extensions, platformdirs, filelock, python-discovery, virtualenv

Successfully installed distlib-0.4.2 filelock-3.29.1 platformdirs-4.10.0 python-discovery-1.4.0 typing-extensions-4.15.0 virtualenv-21.4.2
ERROR: pip's dependency resolver does not currently take into account all the packages that are installed. This behaviour is the source of the following dependency conflicts.
colcon-core 0.20.1 requires setuptools<80,>=30.3.0, but you have setuptools 80.9.0 which is incompatible.

[notice] A new release of pip is available: 25.3 -> 26.1.2
[notice] To update, run: python3 -m pip install --upgrade pip
